models/dict/voxforge_de.dic
models/dict/voxforge_de_sphinx.dic
models/dict/voxforge_en_us.dic
models/grammar/digits.gram
models/grammar/menu.gram
models/hmm/de-de-voxforge-sphinx/feat.params
models/hmm/de-de-voxforge-sphinx/mdef
models/hmm/de-de-voxforge-sphinx/means
models/hmm/de-de-voxforge-sphinx/mixture_weights
models/hmm/de-de-voxforge-sphinx/noisedict
models/hmm/de-de-voxforge-sphinx/transition_matrices
models/hmm/de-de-voxforge-sphinx/variances
models/hmm/de-de-voxforge/feat.params
models/hmm/de-de-voxforge/feature_transform
models/hmm/de-de-voxforge/mdef
models/hmm/de-de-voxforge/means
models/hmm/de-de-voxforge/mixture_weights
models/hmm/de-de-voxforge/noisedict
models/hmm/de-de-voxforge/transition_matrices
models/hmm/de-de-voxforge/variances
models/hmm/en-us/README
models/hmm/en-us/feat.params
models/hmm/en-us/feature_transform
models/hmm/en-us/mdef
models/hmm/en-us/means
models/hmm/en-us/mixture_weights
models/hmm/en-us/noisedict
models/hmm/en-us/transition_matrices
models/hmm/en-us/variances
models/lm/en-us.dmp
models/lm/voxforge_de.dmp
models/lm/voxforge_de_sphinx.lm